The text length exceeds the character limit of 250 for language 'en', this might cause truncated audio: I accessed The Pile and learned source-backed mate...
The text length exceeds the character limit of 250 for language 'en', this might cause truncated audio: I accessed The Pile and learned source-backed mate...
The text length exceeds the character limit of 250 for language 'en', this might cause truncated audio: I accessed The Pile and learned source-backed mate...
The text length exceeds the character limit of 250 for language 'en', this might cause truncated audio: I accessed The Pile and learned source-backed mate...
The text length exceeds the character limit of 250 for language 'en', this might cause truncated audio: I accessed The Pile and learned source-backed mate...
The text length exceeds the character limit of 250 for language 'en', this might cause truncated audio: I accessed The Pile and learned source-backed mate...
The text length exceeds the character limit of 250 for language 'en', this might cause truncated audio: You have to provide a delegate of the following ty...
The text length exceeds the character limit of 250 for language 'en', this might cause truncated audio: What was actually learned from the high-signal tec...
The text length exceeds the character limit of 250 for language 'en', this might cause truncated audio: What was actually learned from the high-signal tec...
The text length exceeds the character limit of 250 for language 'en', this might cause truncated audio: # ================================================...
The text length exceeds the character limit of 250 for language 'en', this might cause truncated audio: - **Github** (row 0000.parquet#9d6258579a) • embed...
The text length exceeds the character limit of 250 for language 'en', this might cause truncated audio: # ================================================...
The text length exceeds the character limit of 250 for language 'en', this might cause truncated audio: - **ArXiv** (row 0000.parquet#c68a5b8352) • archit...
The text length exceeds the character limit of 250 for language 'en', this might cause truncated audio: - **ArXiv** (row 0000.parquet#c68a5b8352) • archit...
The text length exceeds the character limit of 250 for language 'en', this might cause truncated audio: In Section \[sec:discussion\], we evaluate the glo...
The text length exceeds the character limit of 250 for language 'en', this might cause truncated audio: In Section \[sec:discussion\], we evaluate the glo...
The text length exceeds the character limit of 250 for language 'en', this might cause truncated audio: In Section \[sec:discussion\], we evaluate the glo...
The text length exceeds the character limit of 250 for language 'en', this might cause truncated audio: - **ArXiv** (row 0000.parquet#fc644ade10) • archit...
The text length exceeds the character limit of 250 for language 'en', this might cause truncated audio: Team1 *‘SOLAT in the SWEN’* from Talos Intelligenc...
The text length exceeds the character limit of 250 for language 'en', this might cause truncated audio: - **ArXiv** (row 0000.parquet#fc644ade10) • archit...
The text length exceeds the character limit of 250 for language 'en', this might cause truncated audio: - **ArXiv** (row 0000.parquet#fc644ade10) • archit...
The text length exceeds the character limit of 250 for language 'en', this might cause truncated audio: Traffic prediction for the full highway system of ...
The text length exceeds the character limit of 250 for language 'en', this might cause truncated audio: Traffic prediction for the full highway system of ...
The text length exceeds the character limit of 250 for language 'en', this might cause truncated audio: I accessed The Pile and learned source-backed mate...
The text length exceeds the character limit of 250 for language 'en', this might cause truncated audio: What was actually learned from the high-signal tec...
The text length exceeds the character limit of 250 for language 'en', this might cause truncated audio: # ================================================...
The text length exceeds the character limit of 250 for language 'en', this might cause truncated audio: - **ArXiv** (row 0000.parquet#c68a5b8352) • archit...
The text length exceeds the character limit of 250 for language 'en', this might cause truncated audio: In Section \[sec:discussion\], we evaluate the glo...
The text length exceeds the character limit of 250 for language 'en', this might cause truncated audio: - **ArXiv** (row 0000.parquet#fc644ade10) • archit...
The text length exceeds the character limit of 250 for language 'en', this might cause truncated audio: Traffic prediction for the full highway system of ...
The text length exceeds the character limit of 250 for language 'en', this might cause truncated audio: i accessed the pile and learned source-backed mate...
The text length exceeds the character limit of 250 for language 'en', this might cause truncated audio: what was actually learned from the high-signal tec...
The text length exceeds the character limit of 250 for language 'en', this might cause truncated audio: # ================================================...
The text length exceeds the character limit of 250 for language 'en', this might cause truncated audio: - **arxiv** (row 0000.parquet#c68a5b8352) • archit...
The text length exceeds the character limit of 250 for language 'en', this might cause truncated audio: in section \[sec:discussion\], we evaluate the glo...
The text length exceeds the character limit of 250 for language 'en', this might cause truncated audio: - **arxiv** (row 0000.parquet#fc644ade10) • archit...
The text length exceeds the character limit of 250 for language 'en', this might cause truncated audio: traffic prediction for the full highway system of ...
Traceback (most recent call last):
  File "F:\Apollo\apollo 1\apollo_ui\modules\voice_imprint_trainer\xtts_worker.py", line 383, in main
    result = engine.synthesize(request)
  File "F:\Apollo\apollo 1\apollo_ui\modules\voice_imprint_trainer\xtts_worker.py", line 277, in synthesize
    load_info = self.load(
        str(model_dir or self.model_dir),
    ...<2 lines>...
        request.get("cpu_threads", 4),
    )
  File "F:\Apollo\apollo 1\apollo_ui\modules\voice_imprint_trainer\xtts_worker.py", line 143, in load
    self.torch = importlib.import_module("torch")
                 ~~~~~~~~~~~~~~~~~~~~~~~^^^^^^^^^
  File "C:\Users\oscar\AppData\Local\Python\pythoncore-3.14-64\Lib\importlib\__init__.py", line 88, in import_module
    return _bootstrap._gcd_import(name[level:], package, level)
           ~~~~~~~~~~~~~~~~~~~~~~^^^^^^^^^^^^^^^^^^^^^^^^^^^^^^
  File "<frozen importlib._bootstrap>", line 1406, in _gcd_import
  File "<frozen importlib._bootstrap>", line 1371, in _find_and_load
  File "<frozen importlib._bootstrap>", line 1335, in _find_and_load_unlocked
ModuleNotFoundError: No module named 'torch'

